// Jest Snapshot v1, https://goo.gl/fbAQLP

exports[`renders Game component renders Game correctly 1`] = `
<Fragment>
  <styled.p>
    <styled.span>
      X
    </styled.span>
    's turn
  </styled.p>
  <Board
    current="X"
    declareTie={[Function]}
    declareWinner={[Function]}
    restart={[Function]}
    updateHandler={[Function]}
  />
</Fragment>
`;
